// Jest Snapshot v1, https://goo.gl/fbAQLP

exports[`should render expensesListItem  with expenses  correctly 1`] = `
<div>
  <Link
    replace={false}
    to="/edit/1"
  >
    <h1>
       
      Gaz
    </h1>
  </Link>
  <p>
     
    123
     - 
    0
  </p>
</div>
`;
