// Jest Snapshot v1, https://goo.gl/fbAQLP

exports[`should render Header correctly 1`] = `
<div>
  <h1>
    Expensify
  </h1>
  <NavLink
    activeClassName="is-active"
    exact={true}
    to="/"
  >
     Go home 
  </NavLink>
  <NavLink
    activeClassName="is-active"
    to="/create"
  >
     Go Create 
  </NavLink>
  <NavLink
    activeClassName="is-active"
    to="/edit/:id"
  >
     Go Edit 
  </NavLink>
  <NavLink
    activeClassName="is-active"
    to="/help"
  >
     Go help 
  </NavLink>
</div>
`;
